[
{"District":"Congressional District 1","County":"Maricopa","Precincts":206,"Democratic":135918,"Green":359,"Libertarian":3714,"No Labels":3231,"Republican":190537,"Other":160968,"Total":494727},
{"District":"Congressional District 1","County":"Total:","Precincts":206,"Democratic":135918,"Green":359,"Libertarian":3714,"No Labels":3231,"Republican":190537,"Other":160968,"Total":494727},
{"District":"Congressional District 2","County":"Apache","Precincts":44,"Democratic":26729,"Green":19,"Libertarian":238,"No Labels":203,"Republican":11176,"Other":14027,"Total":52392},
{"District":"Congressional District 2","County":"Coconino","Precincts":75,"Democratic":33050,"Green":154,"Libertarian":700,"No Labels":648,"Republican":22397,"Other":27402,"Total":84351},
{"District":"Congressional District 2","County":"Gila","Precincts":39,"Democratic":7765,"Green":21,"Libertarian":207,"No Labels":148,"Republican":15968,"Other":9000,"Total":33109},
{"District":"Congressional District 2","County":"Graham","Precincts":2,"Democratic":1191,"Green":0,"Libertarian":3,"No Labels":10,"Republican":169,"Other":603,"Total":1976},
{"District":"Congressional District 2","County":"Maricopa","Precincts":3,"Democratic":561,"Green":2,"Libertarian":7,"No Labels":12,"Republican":82,"Other":635,"Total":1299},
{"District":"Congressional District 2","County":"Mohave","Precincts":2,"Democratic":246,"Green":1,"Libertarian":5,"No Labels":4,"Republican":102,"Other":354,"Total":712},
{"District":"Congressional District 2","County":"Navajo","Precincts":21,"Democratic":21759,"Green":15,"Libertarian":370,"No Labels":349,"Republican":25530,"Other":18184,"Total":66207},
{"District":"Congressional District 2","County":"Pinal","Precincts":50,"Democratic":27772,"Green":52,"Libertarian":839,"No Labels":917,"Republican":39361,"Other":41128,"Total":110069},
{"District":"Congressional District 2","County":"Yavapai","Precincts":57,"Democratic":30958,"Green":48,"Libertarian":1238,"No Labels":974,"Republican":86128,"Other":47324,"Total":166670},
{"District":"Congressional District 2","County":"Total:","Precincts":293,"Democratic":150031,"Green":312,"Libertarian":3607,"No Labels":3265,"Republican":200913,"Other":158657,"Total":516785},
{"District":"Congressional District 3","County":"Maricopa","Precincts":123,"Democratic":137062,"Green":303,"Libertarian":2056,"No Labels":2828,"Republican":45552,"Other":123628,"Total":311429},
{"District":"Congressional District 3","County":"Total:","Precincts":123,"Democratic":137062,"Green":303,"Libertarian":2056,"No Labels":2828,"Republican":45552,"Other":123628,"Total":311429},
{"District":"Congressional District 4","County":"Maricopa","Precincts":146,"Democratic":123025,"Green":414,"Libertarian":3733,"No Labels":3291,"Republican":132819,"Other":142441,"Total":405723},
{"District":"Congressional District 4","County":"Total:","Precincts":146,"Democratic":123025,"Green":414,"Libertarian":3733,"No Labels":3291,"Republican":132819,"Other":142441,"Total":405723},
{"District":"Congressional District 5","County":"Maricopa","Precincts":120,"Democratic":91144,"Green":242,"Libertarian":3250,"No Labels":2671,"Republican":172177,"Other":134981,"Total":404465},
{"District":"Congressional District 5","County":"Pinal","Precincts":30,"Democratic":19537,"Green":61,"Libertarian":994,"No Labels":831,"Republican":45123,"Other":37332,"Total":103878},
{"District":"Congressional District 5","County":"Total:","Precincts":150,"Democratic":110681,"Green":303,"Libertarian":4244,"No Labels":3502,"Republican":217300,"Other":172313,"Total":508343},
{"District":"Congressional District 6","County":"Cochise","Precincts":43,"Democratic":11282,"Green":40,"Libertarian":575,"No Labels":431,"Republican":27611,"Other":21076,"Total":61015},
{"District":"Congressional District 6","County":"Graham","Precincts":21,"Democratic":3030,"Green":10,"Libertarian":114,"No Labels":71,"Republican":9804,"Other":4522,"Total":17551},
{"District":"Congressional District 6","County":"Greenlee","Precincts":6,"Democratic":1290,"Green":2,"Libertarian":51,"No Labels":34,"Republican":1750,"Other":1425,"Total":4552},
{"District":"Congressional District 6","County":"Pima","Precincts":155,"Democratic":127564,"Green":413,"Libertarian":2801,"No Labels":2176,"Republican":127080,"Other":122067,"Total":382101},
{"District":"Congressional District 6","County":"Pinal","Precincts":25,"Democratic":13916,"Green":20,"Libertarian":307,"No Labels":353,"Republican":18303,"Other":17565,"Total":50464},
{"District":"Congressional District 6","County":"Total:","Precincts":250,"Democratic":157082,"Green":485,"Libertarian":3848,"No Labels":3065,"Republican":184548,"Other":166655,"Total":515683},
{"District":"Congressional District 7","County":"Cochise","Precincts":12,"Democratic":7004,"Green":19,"Libertarian":85,"No Labels":90,"Republican":3253,"Other":6619,"Total":17070},
{"District":"Congressional District 7","County":"Maricopa","Precincts":23,"Democratic":19729,"Green":38,"Libertarian":373,"No Labels":613,"Republican":10855,"Other":21055,"Total":52663},
{"District":"Congressional District 7","County":"Pima","Precincts":123,"Democratic":106734,"Green":452,"Libertarian":1797,"No Labels":1705,"Republican":48437,"Other":87088,"Total":246213},
{"District":"Congressional District 7","County":"Pinal","Precincts":4,"Democratic":848,"Green":1,"Libertarian":28,"No Labels":36,"Republican":1413,"Other":1402,"Total":3728},
{"District":"Congressional District 7","County":"Santa Cruz","Precincts":24,"Democratic":13597,"Green":12,"Libertarian":164,"No Labels":133,"Republican":5320,"Other":11533,"Total":30759},
{"District":"Congressional District 7","County":"Yuma","Precincts":27,"Democratic":20553,"Green":25,"Libertarian":289,"No Labels":360,"Republican":11793,"Other":25670,"Total":58690},
{"District":"Congressional District 7","County":"Total:","Precincts":213,"Democratic":168465,"Green":547,"Libertarian":2736,"No Labels":2937,"Republican":81071,"Other":153367,"Total":409123},
{"District":"Congressional District 8","County":"Maricopa","Precincts":173,"Democratic":113180,"Green":333,"Libertarian":3429,"No Labels":2941,"Republican":188313,"Other":149023,"Total":457219},
{"District":"Congressional District 8","County":"Total:","Precincts":173,"Democratic":113180,"Green":333,"Libertarian":3429,"No Labels":2941,"Republican":188313,"Other":149023,"Total":457219},
{"District":"Congressional District 9","County":"La Paz","Precincts":11,"Democratic":2014,"Green":9,"Libertarian":65,"No Labels":128,"Republican":5468,"Other":4249,"Total":11933},
{"District":"Congressional District 9","County":"Maricopa","Precincts":112,"Democratic":71675,"Green":187,"Libertarian":2275,"No Labels":2777,"Republican":110892,"Other":104278,"Total":292084},
{"District":"Congressional District 9","County":"Mohave","Precincts":22,"Democratic":17562,"Green":76,"Libertarian":894,"No Labels":761,"Republican":76432,"Other":42861,"Total":138586},
{"District":"Congressional District 9","County":"Yuma","Precincts":20,"Democratic":9001,"Green":16,"Libertarian":333,"No Labels":306,"Republican":21121,"Other":16858,"Total":47635},
{"District":"Congressional District 9","County":"Total:","Precincts":165,"Democratic":100252,"Green":288,"Libertarian":3567,"No Labels":3972,"Republican":213913,"Other":168246,"Total":490238}
]
